4. classify ±60° at 400 m
  classified -> C:\Users\Loggg\AppData\Local\Temp\mars_scratch\cls_400m_tiles\t_r00_c00.tif  in 554 s
   tile  1/21  r0 c0  00:09:13 elapsed
  classified -> C:\Users\Loggg\AppData\Local\Temp\mars_scratch\cls_400m_tiles\t_r00_c01.tif  in 529 s
   tile  2/21  r0 c1  00:18:02 elapsed
  classified -> C:\Users\Loggg\AppData\Local\Temp\mars_scratch\cls_400m_tiles\t_r00_c02.tif  in 501 s
   tile  3/21  r0 c2  00:26:24 elapsed
  classified -> C:\Users\Loggg\AppData\Local\Temp\mars_scratch\cls_400m_tiles\t_r00_c03.tif  in 578 s
   tile  4/21  r0 c3  00:36:02 elapsed
  classified -> C:\Users\Loggg\AppData\Local\Temp\mars_scratch\cls_400m_tiles\t_r00_c04.tif  in 739 s
   tile  5/21  r0 c4  00:48:21 elapsed
  classified -> C:\Users\Loggg\AppData\Local\Temp\mars_scratch\cls_400m_tiles\t_r00_c05.tif  in 668 s
   tile  6/21  r0 c5  00:59:29 elapsed
  classified -> C:\Users\Loggg\AppData\Local\Temp\mars_scratch\cls_400m_tiles\t_r00_c06.tif  in 515 s
   tile  7/21  r0 c6  01:08:04 elapsed
  classified -> C:\Users\Loggg\AppData\Local\Temp\mars_scratch\cls_400m_tiles\t_r01_c00.tif  in 1448 s
   tile  8/21  r1 c0  01:32:13 elapsed
  classified -> C:\Users\Loggg\AppData\Local\Temp\mars_scratch\cls_400m_tiles\t_r01_c01.tif  in 1023 s
   tile  9/21  r1 c1  01:49:16 elapsed
  classified -> C:\Users\Loggg\AppData\Local\Temp\mars_scratch\cls_400m_tiles\t_r01_c02.tif  in 601 s
   tile 10/21  r1 c2  01:59:17 elapsed
  classified -> C:\Users\Loggg\AppData\Local\Temp\mars_scratch\cls_400m_tiles\t_r01_c03.tif  in 28166 s
   tile 11/21  r1 c3  09:48:43 elapsed
  classified -> C:\Users\Loggg\AppData\Local\Temp\mars_scratch\cls_400m_tiles\t_r01_c04.tif  in 530 s
   tile 12/21  r1 c4  09:57:33 elapsed
  classified -> C:\Users\Loggg\AppData\Local\Temp\mars_scratch\cls_400m_tiles\t_r01_c05.tif  in 544 s
   tile 13/21  r1 c5  10:06:36 elapsed
  classified -> C:\Users\Loggg\AppData\Local\Temp\mars_scratch\cls_400m_tiles\t_r01_c06.tif  in 331 s
   tile 14/21  r1 c6  10:12:08 elapsed
  classified -> C:\Users\Loggg\AppData\Local\Temp\mars_scratch\cls_400m_tiles\t_r02_c00.tif  in 120 s
   tile 15/21  r2 c0  10:14:08 elapsed
  classified -> C:\Users\Loggg\AppData\Local\Temp\mars_scratch\cls_400m_tiles\t_r02_c01.tif  in 114 s
   tile 16/21  r2 c1  10:16:02 elapsed
  classified -> C:\Users\Loggg\AppData\Local\Temp\mars_scratch\cls_400m_tiles\t_r02_c02.tif  in 116 s
   tile 17/21  r2 c2  10:17:58 elapsed
  classified -> C:\Users\Loggg\AppData\Local\Temp\mars_scratch\cls_400m_tiles\t_r02_c03.tif  in 127 s
   tile 18/21  r2 c3  10:20:05 elapsed
  classified -> C:\Users\Loggg\AppData\Local\Temp\mars_scratch\cls_400m_tiles\t_r02_c04.tif  in 129 s
   tile 19/21  r2 c4  10:22:13 elapsed
  classified -> C:\Users\Loggg\AppData\Local\Temp\mars_scratch\cls_400m_tiles\t_r02_c05.tif  in 132 s
   tile 20/21  r2 c5  10:24:25 elapsed
  classified -> C:\Users\Loggg\AppData\Local\Temp\mars_scratch\cls_400m_tiles\t_r02_c06.tif  in 107 s
   tile 21/21  r2 c6  10:26:12 elapsed
  mosaic 21 tiles -> Z:\Mars Project\Global60\global60_landforms_svm_400m.tif
  mosaic done, 10:27:06 total
